2025-09-30 11:57:36 [background-preinit] INFO  o.h.validator.internal.util.Version - HV000001: Hibernate Validator 8.0.2.Final
2025-09-30 11:57:36 [main] INFO  a.c.q.QwiseDemoAppApplication - Starting QwiseDemoAppApplication v1.0.0 using Java 21 with PID 1 (/app/app.jar started by root in /app)
2025-09-30 11:57:36 [main] INFO  a.c.q.QwiseDemoAppApplication - The following 1 profile is active: "prod"
2025-09-30 11:57:41 [main] INFO  o.s.d.r.c.RepositoryConfigurationDelegate - Bootstrapping Spring Data JPA repositories in DEFAULT mode.
2025-09-30 11:57:42 [main] INFO  o.s.d.r.c.RepositoryConfigurationDelegate - Finished Spring Data repository scanning in 242 ms. Found 8 JPA repository interfaces.
2025-09-30 11:57:45 [main] INFO  o.s.b.w.e.tomcat.TomcatWebServer - Tomcat initialized with port 7775 (http)
2025-09-30 11:57:45 [main] INFO  o.a.coyote.http11.Http11NioProtocol - Initializing ProtocolHandler ["http-nio-7775"]
2025-09-30 11:57:45 [main] INFO  o.a.catalina.core.StandardService - Starting service [Tomcat]
2025-09-30 11:57:45 [main] INFO  o.a.catalina.core.StandardEngine - Starting Servlet engine: [Apache Tomcat/10.1.43]
2025-09-30 11:57:45 [main] INFO  o.a.c.c.C.[Tomcat].[localhost].[/] - Initializing Spring embedded WebApplicationContext
2025-09-30 11:57:45 [main] INFO  o.s.b.w.s.c.ServletWebServerApplicationContext - Root WebApplicationContext: initialization completed in 8197 ms
2025-09-30 11:57:46 [main] INFO  o.h.jpa.internal.util.LogHelper - HHH000204: Processing PersistenceUnitInfo [name: default]
2025-09-30 11:57:46 [main] INFO  org.hibernate.Version - HHH000412: Hibernate ORM core version 6.6.22.Final
2025-09-30 11:57:46 [main] INFO  o.h.c.i.RegionFactoryInitiator - HHH000026: Second-level cache disabled
2025-09-30 11:57:47 [main] INFO  o.s.o.j.p.SpringPersistenceUnitInfo - No LoadTimeWeaver setup: ignoring JPA class transformer
2025-09-30 11:57:47 [main] INFO  com.zaxxer.hikari.HikariDataSource - HikariPool-1 - Starting...
2025-09-30 11:57:48 [main] INFO  com.zaxxer.hikari.pool.HikariPool - HikariPool-1 - Added connection org.postgresql.jdbc.PgConnection@1d67348a
2025-09-30 11:57:48 [main] INFO  com.zaxxer.hikari.HikariDataSource - HikariPool-1 - Start completed.
2025-09-30 11:57:48 [main] WARN  org.hibernate.orm.deprecation - HHH90000025: PostgreSQLDialect does not need to be specified explicitly using 'hibernate.dialect' (remove the property setting and it will be selected by default)
2025-09-30 11:57:48 [main] INFO  o.hibernate.orm.connections.pooling - HHH10001005: Database info:
	Database JDBC URL [Connecting through datasource 'HikariDataSource (HikariPool-1)']
	Database driver: undefined/unknown
	Database version: 17.5
	Autocommit mode: undefined/unknown
	Isolation level: undefined/unknown
	Minimum pool size: undefined/unknown
	Maximum pool size: undefined/unknown
2025-09-30 11:57:54 [main] INFO  o.h.e.t.j.p.i.JtaPlatformInitiator - HHH000489: No JTA platform available (set 'hibernate.transaction.jta.platform' to enable JTA platform integration)
2025-09-30 11:57:55 [main] INFO  o.s.o.j.LocalContainerEntityManagerFactoryBean - Initialized JPA EntityManagerFactory for persistence unit 'default'
2025-09-30 11:57:56 [main] INFO  o.s.d.j.r.query.QueryEnhancerFactory - Hibernate is in classpath; If applicable, HQL parser will be used.
2025-09-30 11:57:58 [main] INFO  o.s.s.c.a.a.c.InitializeAuthenticationProviderBeanManagerConfigurer$InitializeAuthenticationProviderManagerConfigurer - Global AuthenticationManager configured with AuthenticationProvider bean with name customAuthenticationProvider
2025-09-30 11:57:58 [main] WARN  o.s.s.c.a.a.c.InitializeUserDetailsBeanManagerConfigurer$InitializeUserDetailsManagerConfigurer - Global AuthenticationManager configured with an AuthenticationProvider bean. UserDetailsService beans will not be used by Spring Security for automatically configuring username/password login. Consider removing the AuthenticationProvider bean. Alternatively, consider using the UserDetailsService in a manually instantiated DaoAuthenticationProvider. If the current configuration is intentional, to turn off this warning, increase the logging level of 'org.springframework.security.config.annotation.authentication.configuration.InitializeUserDetailsBeanManagerConfigurer' to ERROR
2025-09-30 11:57:58 [main] WARN  o.s.b.a.o.j.JpaBaseConfiguration$JpaWebConfiguration - spring.jpa.open-in-view is enabled by default. Therefore, database queries may be performed during view rendering. Explicitly configure spring.jpa.open-in-view to disable this warning
2025-09-30 11:58:00 [main] INFO  o.s.b.a.e.web.EndpointLinksResolver - Exposing 3 endpoints beneath base path '/actuator'
2025-09-30 11:58:01 [main] INFO  o.a.coyote.http11.Http11NioProtocol - Starting ProtocolHandler ["http-nio-7775"]
2025-09-30 11:58:01 [main] INFO  o.s.b.w.e.tomcat.TomcatWebServer - Tomcat started on port 7775 (http) with context path '/'
2025-09-30 11:58:01 [main] INFO  a.c.q.QwiseDemoAppApplication - Started QwiseDemoAppApplication in 28.506 seconds (process running for 30.312)
2025-09-30 11:58:52 [http-nio-7775-exec-1] INFO  o.a.c.c.C.[Tomcat].[localhost].[/] - Initializing Spring DispatcherServlet 'dispatcherServlet'
2025-09-30 11:58:52 [http-nio-7775-exec-1] INFO  o.s.web.servlet.DispatcherServlet - Initializing Servlet 'dispatcherServlet'
2025-09-30 11:58:52 [http-nio-7775-exec-1] INFO  o.s.web.servlet.DispatcherServlet - Completed initialization in 2 ms
2025-09-30 11:58:52 [http-nio-7775-exec-1] INFO  a.c.qwisedemoapp.filter.JwtFilter - Authorization header not found
2025-09-30 11:58:52 [http-nio-7775-exec-1] INFO  a.c.qwisedemoapp.filter.JwtFilter - Invalid token
2025-09-30 11:58:52 [http-nio-7775-exec-1] INFO  a.c.qwisedemoapp.filter.JwtFilter - Auth header: null
2025-09-30 11:58:52 [http-nio-7775-exec-1] INFO  a.c.qwisedemoapp.filter.JwtFilter - Extracted username from JWT: null
2025-09-30 11:58:52 [http-nio-7775-exec-1] INFO  a.c.qwisedemoapp.filter.JwtFilter - Current authentication: null
2025-09-30 12:07:51 [background-preinit] INFO  o.h.validator.internal.util.Version - HV000001: Hibernate Validator 8.0.2.Final
2025-09-30 12:07:51 [main] INFO  a.c.q.QwiseDemoAppApplication - Starting QwiseDemoAppApplication v1.0.0 using Java 21 with PID 1 (/app/app.jar started by root in /app)
2025-09-30 12:07:51 [main] INFO  a.c.q.QwiseDemoAppApplication - The following 1 profile is active: "prod"
2025-09-30 12:07:54 [main] INFO  o.s.d.r.c.RepositoryConfigurationDelegate - Bootstrapping Spring Data JPA repositories in DEFAULT mode.
2025-09-30 12:07:54 [main] INFO  o.s.d.r.c.RepositoryConfigurationDelegate - Finished Spring Data repository scanning in 187 ms. Found 8 JPA repository interfaces.
